// Jest Snapshot v1, https://goo.gl/fbAQLP

exports[`<DatePicker /> should render as expected 1`] = `
ShallowWrapper {
  Symbol(enzyme.__root__): [Circular],
  Symbol(enzyme.__unrendered__): <DatePicker
    handleChange={[MockFunction]}
    id="1"
    placeholderText=""
  />,
  Symbol(enzyme.__renderer__): Object {
    "batchedUpdates": [Function],
    "checkPropTypes": [Function],
    "getNode": [Function],
    "render": [Function],
    "simulateError": [Function],
    "simulateEvent": [Function],
    "unmount": [Function],
  },
  Symbol(enzyme.__node__): Object {
    "instance": null,
    "key": undefined,
    "nodeType": "class",
    "props": Object {
      "allowSameDay": false,
      "className": "react-date-picker",
      "dateFormat": "L",
      "dateFormatCalendar": "MMMM YYYY",
      "disabled": false,
      "disabledKeyboardNavigation": false,
      "dropdownMode": "scroll",
      "monthsShown": 1,
      "nextMonthButtonLabel": "Next month",
      "onBlur": [Function],
      "onChange": [Function],
      "onClickOutside": [Function],
      "onFocus": [Function],
      "onInputClick": [Function],
      "onInputError": [Function],
      "onKeyDown": [Function],
      "onMonthChange": [Function],
      "onSelect": [Function],
      "onYearChange": [Function],
      "placeholderText": "",
      "preventOpenOnFocus": false,
      "previousMonthButtonLabel": "Previous Month",
      "readOnly": false,
      "renderDayContents": [Function],
      "selected": null,
      "shouldCloseOnSelect": true,
      "showTimeSelect": false,
      "timeCaption": "Time",
      "timeIntervals": 30,
      "withPortal": false,
    },
    "ref": null,
    "rendered": null,
    "type": [Function],
  },
  Symbol(enzyme.__nodes__): Array [
    Object {
      "instance": null,
      "key": undefined,
      "nodeType": "class",
      "props": Object {
        "allowSameDay": false,
        "className": "react-date-picker",
        "dateFormat": "L",
        "dateFormatCalendar": "MMMM YYYY",
        "disabled": false,
        "disabledKeyboardNavigation": false,
        "dropdownMode": "scroll",
        "monthsShown": 1,
        "nextMonthButtonLabel": "Next month",
        "onBlur": [Function],
        "onChange": [Function],
        "onClickOutside": [Function],
        "onFocus": [Function],
        "onInputClick": [Function],
        "onInputError": [Function],
        "onKeyDown": [Function],
        "onMonthChange": [Function],
        "onSelect": [Function],
        "onYearChange": [Function],
        "placeholderText": "",
        "preventOpenOnFocus": false,
        "previousMonthButtonLabel": "Previous Month",
        "readOnly": false,
        "renderDayContents": [Function],
        "selected": null,
        "shouldCloseOnSelect": true,
        "showTimeSelect": false,
        "timeCaption": "Time",
        "timeIntervals": 30,
        "withPortal": false,
      },
      "ref": null,
      "rendered": null,
      "type": [Function],
    },
  ],
  Symbol(enzyme.__options__): Object {
    "adapter": ReactSixteenAdapter {
      "options": Object {
        "enableComponentDidUpdateOnSetState": true,
        "legacyContextMode": "parent",
        "lifecycles": Object {
          "componentDidUpdate": Object {
            "onSetState": true,
          },
          "getChildContext": Object {
            "calledByRenderer": false,
          },
          "getDerivedStateFromProps": true,
          "getSnapshotBeforeUpdate": true,
          "setState": Object {
            "skipsComponentDidUpdateOnNullish": true,
          },
        },
      },
    },
  },
  Symbol(enzyme.__childContext__): null,
}
`;
